********************************************************************************
product = Open Liberty 25.0.0.9 (wlp-1.0.105.cl250920250821-1629)
wlp.install.dir = C:/Users/Administrator/Downloads/docker-test/target/liberty/wlp/
java.home = C:\Program Files\Java\jdk-17
java.version = 17.0.12
java.runtime = Java(TM) SE Runtime Environment (17.0.12+8-LTS-286)
os = Windows Server 2022 (10.0; amd64) (en_US)
process = 6920@EC2AMAZ-HBDFFGA
Classpath = C:\Users\Administrator\Downloads\docker-test\target\liberty\wlp\bin\tools\ws-server.jar
Java Library path = C:\Program Files\Java\jdk-17\bin;C:\Windows\Sun\Java\bin;C:\Windows\system32;C:\Windows;C:\Program Files\Common Files\Oracle\Java\javapath;C:\Windows\system32;C:\Windows;C:\Windows\System32\Wbem;C:\Windows\System32\WindowsPowerShell\v1.0\;C:\Windows\System32\OpenSSH\;C:\Program Files\Amazon\cfn-bootstrap\;C:\Program Files\nodejs\;C:\Program Files\PuTTY\;C:\Users\Administrator\Downloads\apache-maven-3.9.11-bin\apache-maven-3.9.11\bin;C:\Users\Administrator\AppData\Local\Microsoft\WindowsApps;C:\Users\Administrator\AppData\Local\Programs\Microsoft VS Code\bin;C:\Users\Administrator\AppData\Roaming\npm;C:\Users\Administrator\Downloads\apache-maven-3.9.11-bin\apache-maven-3.9.11\bin;;.
********************************************************************************
[9/17/25, 15:00:00:690 UTC] 00000001 com.ibm.ws.kernel.launch.internal.FrameworkManager           A CWWKE0001I: The server defaultServer has been launched.
[9/17/25, 15:00:06:369 UTC] 00000001 com.ibm.ws.kernel.launch.internal.FrameworkManager           I CWWKE0002I: The kernel started after 6.49 seconds
[9/17/25, 15:00:07:135 UTC] 00000025 com.ibm.ws.kernel.feature.internal.FeatureManager            I CWWKF0007I: Feature update started.
[9/17/25, 15:00:13:386 UTC] 0000001b com.ibm.ws.app.manager.internal.monitor.DropinMonitor        A CWWKZ0058I: Monitoring dropins for applications.
[9/17/25, 15:00:15:826 UTC] 0000001c org.jboss.weld.Version                                       I WELD-000900: 5.1.1 (SP2)
[9/17/25, 15:00:16:618 UTC] 00000027 com.ibm.ws.app.manager.AppMessageHelper                      I CWWKZ0018I: Starting application hello-world.
[9/17/25, 15:00:16:620 UTC] 00000027 bm.ws.app.manager.war.internal.WARDeployedAppInfoFactoryImpl I CWWKZ0134I: The hello-world application is using the loose application definition at the C:\Users\Administrator\Downloads\docker-test\target\liberty\wlp\usr\servers\defaultServer\apps\hello-world.war.xml location.
[9/17/25, 15:00:23:387 UTC] 00000027 com.ibm.ws.session.WASSessionCore                            I SESN8501I: The session manager did not find a persistent storage location; HttpSession objects will be stored in the local application server's memory.
[9/17/25, 15:00:23:413 UTC] 00000027 com.ibm.ws.webcontainer.osgi.webapp.WebGroup                 I SRVE0169I: Loading Web Module: hello-world.
[9/17/25, 15:00:23:473 UTC] 00000027 com.ibm.ws.webcontainer                                      I SRVE0250I: Web Module hello-world has been bound to default_host.
[9/17/25, 15:00:23:478 UTC] 00000027 com.ibm.ws.http.internal.VirtualHostImpl                     A CWWKT0016I: Web application available (default_host): http://localhost:9080/
[9/17/25, 15:00:23:524 UTC] 00000026 com.ibm.ws.session.WASSessionCore                            I SESN0176I: A new session context will be created for application key default_host/
[9/17/25, 15:00:23:787 UTC] 00000026 com.ibm.ws.util                                              I SESN0172I: The session manager is using the Java default SecureRandom implementation for session ID generation.
[9/17/25, 15:00:24:024 UTC] 00000026 com.ibm.ws.app.manager.AppMessageHelper                      A CWWKZ0001I: Application hello-world started in 7.405 seconds.
[9/17/25, 15:00:24:066 UTC] 00000025 com.ibm.ws.tcpchannel.internal.TCPPort                       I CWWKO0219I: TCP Channel defaultHttpEndpoint has been started and is now listening for requests on host 127.0.0.1  (IPv4: 127.0.0.1) port 9080.
[9/17/25, 15:00:24:732 UTC] 00000025 com.ibm.ws.kernel.feature.internal.FeatureManager            A CWWKF0012I: The server installed the following features: [cdi-4.0, jndi-1.0, jsonp-2.1, restfulWS-3.1, restfulWSClient-3.1].
[9/17/25, 15:00:24:784 UTC] 00000025 com.ibm.ws.kernel.feature.internal.FeatureManager            I CWWKF0008I: Feature update completed in 18.412 seconds.
[9/17/25, 15:00:24:785 UTC] 00000025 com.ibm.ws.kernel.feature.internal.FeatureManager            A CWWKF0011I: The defaultServer server is ready to run a smarter planet. The defaultServer server started in 24.912 seconds.
[9/17/25, 15:00:27:095 UTC] 00000029 com.ibm.ws.webcontainer.osgi.mbeans.PluginGenerator          I SRVE9103I: A configuration file for a web server plugin was automatically generated for this server at C:\Users\Administrator\Downloads\docker-test\target\liberty\wlp\usr\servers\defaultServer\logs\state\plugin-cfg.xml.
[9/17/25, 15:00:30:127 UTC] 00000026 org.jboss.resteasy.resteasy_jaxrs.i18n                       I RESTEASY002225: Deploying jakarta.ws.rs.core.Application: class com.example.HelloWorldApplication$Proxy$_$$_WeldClientProxy
[9/17/25, 15:00:30:166 UTC] 00000026 com.ibm.ws.webcontainer.servlet                              I SRVE0242I: [hello-world] [/] [com.example.HelloWorldApplication]: Initialization successful.
[9/17/25, 15:00:32:158 UTC] 00000026 com.ibm.ws.http.internal.VirtualHostImpl                     A CWWKT0017I: Web application removed (default_host): http://localhost:9080/
[9/17/25, 15:00:32:160 UTC] 00000026 com.ibm.ws.webcontainer.servlet                              I SRVE0253I: [hello-world] [/] [com.example.HelloWorldApplication]: Destroy successful.
[9/17/25, 15:00:32:421 UTC] 00000026 com.ibm.ws.app.manager.AppMessageHelper                      A CWWKZ0009I: The application hello-world has stopped successfully.
[9/17/25, 15:00:32:441 UTC] 00000026 com.ibm.ws.app.manager.AppMessageHelper                      I CWWKZ0018I: Starting application hello-world.
[9/17/25, 15:00:32:447 UTC] 00000026 bm.ws.app.manager.war.internal.WARDeployedAppInfoFactoryImpl I CWWKZ0134I: The hello-world application is using the loose application definition at the C:\Users\Administrator\Downloads\docker-test\target\liberty\wlp\usr\servers\defaultServer\apps\hello-world.war.xml location.
[9/17/25, 15:00:32:799 UTC] 00000025 com.ibm.ws.webcontainer.osgi.mbeans.PluginGenerator          I SRVE9103I: A configuration file for a web server plugin was automatically generated for this server at C:\Users\Administrator\Downloads\docker-test\target\liberty\wlp\usr\servers\defaultServer\logs\state\plugin-cfg.xml.
[9/17/25, 15:00:33:432 UTC] 00000026 com.ibm.ws.webcontainer.osgi.webapp.WebGroup                 I SRVE0169I: Loading Web Module: hello-world.
[9/17/25, 15:00:33:433 UTC] 00000026 com.ibm.ws.webcontainer                                      I SRVE0250I: Web Module hello-world has been bound to default_host.
[9/17/25, 15:00:33:433 UTC] 00000026 com.ibm.ws.http.internal.VirtualHostImpl                     A CWWKT0016I: Web application available (default_host): http://localhost:9080/
[9/17/25, 15:00:33:434 UTC] 00000029 com.ibm.ws.session.WASSessionCore                            I SESN0176I: A new session context will be created for application key default_host/
[9/17/25, 15:00:33:435 UTC] 00000029 com.ibm.ws.util                                              I SESN0172I: The session manager is using the Java default SecureRandom implementation for session ID generation.
[9/17/25, 15:00:33:619 UTC] 00000026 com.ibm.ws.app.manager.AppMessageHelper                      A CWWKZ0003I: The application hello-world updated in 1.178 seconds.
[9/17/25, 15:00:33:738 UTC] 00000025 com.ibm.ws.webcontainer.osgi.mbeans.PluginGenerator          I SRVE9103I: A configuration file for a web server plugin was automatically generated for this server at C:\Users\Administrator\Downloads\docker-test\target\liberty\wlp\usr\servers\defaultServer\logs\state\plugin-cfg.xml.
[9/17/25, 15:00:34:337 UTC] 00000029 org.jboss.resteasy.resteasy_jaxrs.i18n                       I RESTEASY002225: Deploying jakarta.ws.rs.core.Application: class com.example.HelloWorldApplication$Proxy$_$$_WeldClientProxy
[9/17/25, 15:00:34:347 UTC] 00000029 com.ibm.ws.webcontainer.servlet                              I SRVE0242I: [hello-world] [/] [com.example.HelloWorldApplication]: Initialization successful.
